// Jest Snapshot v1, https://goo.gl/fbAQLP

exports[`FlightQuotes.vue check default values 1`] = `
VueWrapper {
  "__app": Object {
    "_component": Object {
      "__emits": Object {},
      "__props": Array [
        Object {},
        Array [],
      ],
      "name": "VTU_ROOT",
      "render": [Function],
    },
    "_container": <div
      data-v-app=""
    >
      <div
        class="col-auto quote-card px-3 pt-3 pb-0 mr-3"
      >
        <div
          class="row mx-auto quote-type mb-2"
        >
          <p
            class="m-0"
          >
            Cheapest
          </p>
        </div>
        <div
          class="row mx-auto py-1"
        >
          <p
            class="col-5 pl-0 m-0"
          >
            Operator :
          </p>
          <p
            class="col pl-0 m-0"
          >
            KLM
          </p>
        </div>
        <div
          class="row mx-auto py-1"
        >
          <p
            class="col-5 pl-0 m-0"
          >
            Price :
          </p>
          <p
            class="col pl-0 m-0"
          >
            €
          </p>
        </div>
        <div
          class="row mx-auto mt-2"
        >
          <p>
            Amsterdam
          </p>
            -------
          <img
            height="24"
            width="24"
          />
          -------  
          <p>
            Madrid
          </p>
        </div>
      </div>
    </div>,
    "_context": Object {
      "app": [Circular],
      "components": Object {
        "transition": Object {
          "name": "transition",
          "props": Object {},
          "render": [Function],
        },
        "transition-group": Object {
          "name": "transition-group",
          "props": Object {},
          "render": [Function],
        },
      },
      "config": Object {
        "errorHandler": undefined,
        "globalProperties": Object {},
        "isCustomElement": [Function],
        "isNativeTag": [Function],
        "optionMergeStrategies": Object {},
        "performance": false,
        "warnHandler": undefined,
      },
      "directives": Object {},
      "mixins": Array [
        Object {
          "__emits": null,
          "__props": Array [],
          "beforeCreate": [Function],
        },
        Object {
          "__emits": null,
          "__props": Array [],
          "beforeCreate": [Function],
        },
      ],
      "provides": Object {},
      "reload": [Function],
    },
    "_props": null,
    "_uid": 0,
    "component": [Function],
    "config": Object {
      "errorHandler": undefined,
      "globalProperties": Object {},
      "isCustomElement": [Function],
      "isNativeTag": [Function],
      "optionMergeStrategies": Object {},
      "performance": false,
      "warnHandler": undefined,
    },
    "directive": [Function],
    "mixin": [Function],
    "mount": [Function],
    "provide": [Function],
    "unmount": [Function],
    "use": [Function],
    "version": "3.0.3",
  },
  "__setProps": [Function],
  "componentVM": Object {
    "__emitted": Object {},
    "quote": Object {
      "carrierName": "KLM",
      "destinationCityName": "Madrid",
      "originCityName": "Amsterdam",
      "type": "Cheapest",
    },
  },
  "rootVM": Object {
    "__emitted": Object {},
  },
}
`;
